
> lawvics@0.1.0 build
> next build

Γû▓ Next.js 16.1.1 (Turbopack)

  Creating an optimized production build ...
Γ£ô Compiled successfully in 5.0s
  Running TypeScript ...
  Collecting page data using 15 workers ...
  Generating static pages using 15 workers (0/8) ...
  Generating static pages using 15 workers (2/8) 
  Generating static pages using 15 workers (4/8) 
  Generating static pages using 15 workers (6/8) 
Γ£ô Generating static pages using 15 workers (8/8) in 637.3ms
  Finalizing page optimization ...

Route (app)
Γöî Γùï /
Γö£ Γùï /_not-found
Γö£ ╞Æ /api/statute/search
Γö£ Γùï /dashboard
Γö£ Γùï /dashboard/history
Γöö Γùï /dashboard/settings


Γùï  (Static)   prerendered as static content
╞Æ  (Dynamic)  server-rendered on demand

