src/components/ui/SearchPanel.tsx(33,21): error TS2345: Argument of type '"openai" | "gemini" | "openrouter"' is not assignable to parameter of type '"openai" | "gemini"'.
  Type '"openrouter"' is not assignable to type '"openai" | "gemini"'.
